<?xml version="1.0" encoding="UTF-8"?>
<testsuites>
    <testsuite name="fundos;fundos" tests="11" failures="1" skipped="6">
        <properties>
            <property name="URI" value="C:\Users\mribeirh\Documents\Projetos\qaFundosAutomation\features\fundos.feature">
            </property>
        </properties>
        <testcase name="Dado que realize login" classname="fundos;fundos" time="26.076540323">
        </testcase>
        <testcase name="E não tenha nenhum item no carrinho" classname="fundos;fundos" time="8.26954514">
        </testcase>
        <testcase name="Quando eu acessar a página de catálogo" classname="fundos;fundos" time="6.639171294">
        </testcase>
        <testcase name="E selecionar o catálogo de Fundos" classname="fundos;fundos" time="2.672255287">
        </testcase>
        <testcase name="E escolher um produto" classname="fundos;fundos" time="6.010104992">
            <failure message="TimeoutError: Waiting for at least one element to be located By(xpath, //div[@class=&apos;card slds-col&apos;])">TimeoutError: Waiting for at least one element to be located By(xpath, //div[@class=&apos;card slds-col&apos;])
Wait timed out after 6009ms
    at C:\Users\mribeirh\Documents\Projetos\qaFundosAutomation\node_modules\selenium-cucumber-js\node_modules\selenium-webdriver\lib\promise.js:2209:17
    at ManagedPromise.invokeCallback_ (C:\Users\mribeirh\Documents\Projetos\qaFundosAutomation\node_modules\selenium-cucumber-js\node_modules\selenium-webdriver\lib\promise.js:1384:14)
    at TaskQueue.execute_ (C:\Users\mribeirh\Documents\Projetos\qaFundosAutomation\node_modules\selenium-cucumber-js\node_modules\selenium-webdriver\lib\promise.js:3092:14)
    at TaskQueue.executeNext_ (C:\Users\mribeirh\Documents\Projetos\qaFundosAutomation\node_modules\selenium-cucumber-js\node_modules\selenium-webdriver\lib\promise.js:3075:27)
    at asyncRun (C:\Users\mribeirh\Documents\Projetos\qaFundosAutomation\node_modules\selenium-cucumber-js\node_modules\selenium-webdriver\lib\promise.js:2935:27)
    at C:\Users\mribeirh\Documents\Projetos\qaFundosAutomation\node_modules\selenium-cucumber-js\node_modules\selenium-webdriver\lib\promise.js:676:7
    at process._tickCallback (internal/process/next_tick.js:68:7)
From: Task: Waiting for at least one element to be located By(xpath, //div[@class=&apos;card slds-col&apos;])
    at scheduleWait (C:\Users\mribeirh\Documents\Projetos\qaFundosAutomation\node_modules\selenium-cucumber-js\node_modules\selenium-webdriver\lib\promise.js:2196:20)
    at ControlFlow.wait (C:\Users\mribeirh\Documents\Projetos\qaFundosAutomation\node_modules\selenium-cucumber-js\node_modules\selenium-webdriver\lib\promise.js:2525:12)
    at thenableWebDriverProxy.wait (C:\Users\mribeirh\Documents\Projetos\qaFundosAutomation\node_modules\selenium-cucumber-js\node_modules\selenium-webdriver\lib\webdriver.js:934:29)
    at Object.verificarPresencaCards (C:\Users\mribeirh\Documents\Projetos\qaFundosAutomation\page-objects\catalogo-page.js:68:23)
    at createWorld.&lt;anonymous&gt; (C:\Users\mribeirh\Documents\Projetos\qaFundosAutomation\step-definitions\fundos-steps.js:105:29)
    at process._tickCallback (internal/process/next_tick.js:61:11)</failure>
        </testcase>
        <testcase name="E encaminhar para o carrinho" classname="fundos;fundos">
            <skipped message="">
            </skipped>
        </testcase>
        <testcase name="E confirmar o item no carrinho" classname="fundos;fundos">
            <skipped message="">
            </skipped>
        </testcase>
        <testcase name="E coletar o token enviado no email" classname="fundos;fundos">
            <skipped message="">
            </skipped>
        </testcase>
        <testcase name="E validar a operação com o token coletado" classname="fundos;fundos">
            <skipped message="">
            </skipped>
        </testcase>
        <testcase name="Então devo visualizar que o produto está em processamento" classname="fundos;fundos">
            <skipped message="">
            </skipped>
        </testcase>
        <testcase name="E finalizar o cenario" classname="fundos;fundos">
            <skipped message="">
            </skipped>
        </testcase>
    </testsuite>
</testsuites>